

Version:	3.50
CmdLine:	D:\node.js-folder_resources2\Eclipse\GuessingGame\src\GuessingGame.exe --l4j-debug
JNI:		No
WOW64:		Yes
Working dir:	D:\node.js-folder_resources2\Eclipse\GuessingGame\src\.
Requires JDK:	No
Requires 64-Bit: No
Java min ver:	1.008.000
Java max ver:	1.021.000_005
JRE paths:	C:\Program Files\Java\jre1.8.0_421
Check launcher:	C:\Program Files\Java\jre1.8.0_421\bin\javaw.exe (OK)
Version string: 1.008.000_421 / 64-Bit (OK)
Launcher:	C:\Program Files\Java\jre1.8.0_421\bin\javaw.exe
Launcher args:	-jar "D:\node.js-folder_resources2\Eclipse\GuessingGame\src\GuessingGame.exe"
Args length:	77/32768 chars
Exit code:	0


Version:	3.50
CmdLine:	D:\node.js-folder_resources2\Eclipse\GuessingGame\src\GuessingGame.exe --l4j-debug
JNI:		No
WOW64:		Yes
Working dir:	D:\node.js-folder_resources2\Eclipse\GuessingGame\src\.
Requires JDK:	No
Requires 64-Bit: No
Java min ver:	1.008.000
Java max ver:	1.021.000_005
JRE paths:	C:\Program Files\Java\jre1.8.0_421
Check launcher:	C:\Program Files\Java\jre1.8.0_421\bin\javaw.exe (OK)
Version string: 1.008.000_421 / 64-Bit (OK)
Launcher:	C:\Program Files\Java\jre1.8.0_421\bin\javaw.exe
Launcher args:	-jar "D:\node.js-folder_resources2\Eclipse\GuessingGame\src\GuessingGame.exe"
Args length:	77/32768 chars
Exit code:	0


Version:	3.50
CmdLine:	D:\node.js-folder_resources2\Eclipse\GuessingGame\src\GuessingGame.exe --l4j-debug
JNI:		No
WOW64:		Yes
Working dir:	D:\node.js-folder_resources2\Eclipse\GuessingGame\src\.
Requires JDK:	No
Requires 64-Bit: No
Java min ver:	1.008.000
Java max ver:	1.021.000_005
JRE paths:	C:\Program Files\Java\jre1.8.0_421
Check launcher:	C:\Program Files\Java\jre1.8.0_421\bin\javaw.exe (OK)
Version string: 1.008.000_421 / 64-Bit (OK)
Launcher:	C:\Program Files\Java\jre1.8.0_421\bin\javaw.exe
Launcher args:	-jar "D:\node.js-folder_resources2\Eclipse\GuessingGame\src\GuessingGame.exe"
Args length:	77/32768 chars
Exit code:	0


Version:	3.50
CmdLine:	D:\node.js-folder_resources2\Eclipse\GuessingGame\src\GuessingGame.exe --l4j-debug
JNI:		No
WOW64:		Yes
Working dir:	D:\node.js-folder_resources2\Eclipse\GuessingGame\src\.
Requires JDK:	No
Requires 64-Bit: No
Java min ver:	1.008.000
Java max ver:	1.021.000_005
JRE paths:	C:\Program Files\Java\jre1.8.0_421
Check launcher:	C:\Program Files\Java\jre1.8.0_421\bin\javaw.exe (OK)
Version string: 1.008.000_421 / 64-Bit (OK)
Launcher:	C:\Program Files\Java\jre1.8.0_421\bin\javaw.exe
Launcher args:	-jar "D:\node.js-folder_resources2\Eclipse\GuessingGame\src\GuessingGame.exe"
Args length:	77/32768 chars
Exit code:	0


Version:	3.50
CmdLine:	D:\node.js-folder_resources2\Eclipse\GuessingGame\src\GuessingGame.exe --l4j-debug
JNI:		No
WOW64:		Yes
Working dir:	D:\node.js-folder_resources2\Eclipse\GuessingGame\src\.
Requires JDK:	No
Requires 64-Bit: No
Java min ver:	1.008.000
Java max ver:	1.021.000_005
JRE paths:	C:\Program Files\Java\jre1.8.0_421
Check launcher:	C:\Program Files\Java\jre1.8.0_421\bin\javaw.exe (OK)
Version string: 1.008.000_421 / 64-Bit (OK)
Launcher:	C:\Program Files\Java\jre1.8.0_421\bin\javaw.exe
Launcher args:	-jar "D:\node.js-folder_resources2\Eclipse\GuessingGame\src\GuessingGame.exe"
Args length:	77/32768 chars
Exit code:	0


Version:	3.50
CmdLine:	D:\node.js-folder_resources2\Eclipse\GuessingGame\src\GuessingGame.exe --l4j-debug
JNI:		No
WOW64:		Yes
Working dir:	D:\node.js-folder_resources2\Eclipse\GuessingGame\src\.
Requires JDK:	No
Requires 64-Bit: No
Java min ver:	1.008.000
Java max ver:	1.021.000_005
JRE paths:	C:\Program Files\Java\jre1.8.0_421
Check launcher:	C:\Program Files\Java\jre1.8.0_421\bin\javaw.exe (OK)
Version string: 1.008.000_421 / 64-Bit (OK)
Launcher:	C:\Program Files\Java\jre1.8.0_421\bin\javaw.exe
Launcher args:	-jar "D:\node.js-folder_resources2\Eclipse\GuessingGame\src\GuessingGame.exe"
Args length:	77/32768 chars
Exit code:	0


Version:	3.50
CmdLine:	D:\node.js-folder_resources2\Eclipse\GuessingGame\src\GuessingGame.exe --l4j-debug
JNI:		No
WOW64:		Yes
Working dir:	D:\node.js-folder_resources2\Eclipse\GuessingGame\src\.
Requires JDK:	No
Requires 64-Bit: No
Java min ver:	1.008.000
Java max ver:	1.021.000_005
JRE paths:	C:\Program Files\Java\jre1.8.0_421
Check launcher:	C:\Program Files\Java\jre1.8.0_421\bin\javaw.exe (OK)
Version string: 1.008.000_421 / 64-Bit (OK)
Launcher:	C:\Program Files\Java\jre1.8.0_421\bin\javaw.exe
Launcher args:	-jar "D:\node.js-folder_resources2\Eclipse\GuessingGame\src\GuessingGame.exe"
Args length:	77/32768 chars
Exit code:	0


Version:	3.50
CmdLine:	D:\node.js-folder_resources2\Eclipse\GuessingGame\src\GuessingGame.exe --l4j-debug
JNI:		No
WOW64:		Yes
Working dir:	D:\node.js-folder_resources2\Eclipse\GuessingGame\src\.
Requires JDK:	No
Requires 64-Bit: No
Java min ver:	1.008.000
Java max ver:	1.021.000_005
JRE paths:	C:\Program Files\Java\jre1.8.0_421
Check launcher:	C:\Program Files\Java\jre1.8.0_421\bin\javaw.exe (OK)
Version string: 1.008.000_421 / 64-Bit (OK)
Launcher:	C:\Program Files\Java\jre1.8.0_421\bin\javaw.exe
Launcher args:	-jar "D:\node.js-folder_resources2\Eclipse\GuessingGame\src\GuessingGame.exe"
Args length:	77/32768 chars
Exit code:	0


Version:	3.50
CmdLine:	D:\node.js-folder_resources2\Eclipse\GuessingGame\src\GuessingGame.exe --l4j-debug
JNI:		No
WOW64:		Yes
Working dir:	D:\node.js-folder_resources2\Eclipse\GuessingGame\src\.
Requires JDK:	No
Requires 64-Bit: No
Java min ver:	1.008.000
Java max ver:	1.021.000_005
JRE paths:	C:\Program Files\Java\jre1.8.0_421
Check launcher:	C:\Program Files\Java\jre1.8.0_421\bin\javaw.exe (OK)
Version string: 1.008.000_421 / 64-Bit (OK)
Main class:	GuessingGame.class
Info:		Classpath not defined.
Launcher:	C:\Program Files\Java\jre1.8.0_421\bin\javaw.exe
Launcher args:	-classpath "D:\node.js-folder_resources2\Eclipse\GuessingGame\src\GuessingGame.exe" GuessingGame.class
Args length:	102/32768 chars
Exit code:	0


Version:	3.50
CmdLine:	D:\node.js-folder_resources2\Eclipse\GuessingGame\src\GuessingGame.exe --l4j-debug
JNI:		No
WOW64:		Yes
Working dir:	D:\node.js-folder_resources2\Eclipse\GuessingGame\src\.
Requires JDK:	No
Requires 64-Bit: No
Java min ver:	1.008.000
Java max ver:	1.021.000_005
JRE paths:	C:\Program Files\Java\jre1.8.0_421
Check launcher:	C:\Program Files\Java\jre1.8.0_421\bin\javaw.exe (OK)
Version string: 1.008.000_421 / 64-Bit (OK)
Main class:	GuessingGame.class
Info:		Classpath not defined.
Launcher:	C:\Program Files\Java\jre1.8.0_421\bin\javaw.exe
Launcher args:	-classpath "D:\node.js-folder_resources2\Eclipse\GuessingGame\src\GuessingGame.exe" GuessingGame.class
Args length:	102/32768 chars
Exit code:	0


Version:	3.50
CmdLine:	D:\node.js-folder_resources2\Eclipse\GuessingGame\src\GuessingGame.exe --l4j-debug
JNI:		No
WOW64:		Yes
Working dir:	D:\node.js-folder_resources2\Eclipse\GuessingGame\src\.
Requires JDK:	No
Requires 64-Bit: No
Java min ver:	1.008.000
Java max ver:	1.021.000_005
JRE paths:	C:\Program Files\Java\jre1.8.0_421
Check launcher:	C:\Program Files\Java\jre1.8.0_421\bin\javaw.exe (OK)
Version string: 1.008.000_421 / 64-Bit (OK)
Launcher:	C:\Program Files\Java\jre1.8.0_421\bin\javaw.exe
Launcher args:	-jar "D:\node.js-folder_resources2\Eclipse\GuessingGame\src\GuessingGame.exe"
Args length:	77/32768 chars
Exit code:	0


Version:	3.50
CmdLine:	D:\node.js-folder_resources2\Eclipse\GuessingGame\src\GuessingGame.exe --l4j-debug
JNI:		No
WOW64:		Yes
Working dir:	D:\node.js-folder_resources2\Eclipse\GuessingGame\src\.
Requires JDK:	No
Requires 64-Bit: No
Java min ver:	1.008.000
Java max ver:	1.021.000_005
JRE paths:	C:\Program Files\Java\jre1.8.0_421
Check launcher:	C:\Program Files\Java\jre1.8.0_421\bin\javaw.exe (OK)
Version string: 1.008.000_421 / 64-Bit (OK)
Launcher:	C:\Program Files\Java\jre1.8.0_421\bin\javaw.exe
Launcher args:	-jar "D:\node.js-folder_resources2\Eclipse\GuessingGame\src\GuessingGame.exe"
Args length:	77/32768 chars
Exit code:	0


Version:	3.50
CmdLine:	D:\node.js-folder_resources2\Eclipse\GuessingGame\src\GuessingGame.exe --l4j-debug
JNI:		No
WOW64:		Yes
Working dir:	D:\node.js-folder_resources2\Eclipse\GuessingGame\src\.
Requires JDK:	No
Requires 64-Bit: No
Java min ver:	1.008.000
Java max ver:	1.021.000_005
JRE paths:	C:\Program Files\Java\jre1.8.0_421
Check launcher:	C:\Program Files\Java\jre1.8.0_421\bin\javaw.exe (OK)
Version string: 1.008.000_421 / 64-Bit (OK)
Main class:	GuessingGame$1.class
Info:		Classpath not defined.
Launcher:	C:\Program Files\Java\jre1.8.0_421\bin\javaw.exe
Launcher args:	-classpath "D:\node.js-folder_resources2\Eclipse\GuessingGame\src\GuessingGame.exe" GuessingGame$1.class
Args length:	104/32768 chars
Exit code:	0


Version:	3.50
CmdLine:	D:\node.js-folder_resources2\Eclipse\GuessingGame\src\GuessingGame.exe --l4j-debug
JNI:		No
WOW64:		Yes
Working dir:	D:\node.js-folder_resources2\Eclipse\GuessingGame\src\.
Requires JDK:	No
Requires 64-Bit: No
Java min ver:	1.008.000
Java max ver:	1.021.000_005
JRE paths:	C:\Program Files\Java\jre1.8.0_421
Check launcher:	C:\Program Files\Java\jre1.8.0_421\bin\javaw.exe (OK)
Version string: 1.008.000_421 / 64-Bit (OK)
Main class:	GuessingGame$1.class
Info:		Classpath not defined.
Launcher:	C:\Program Files\Java\jre1.8.0_421\bin\javaw.exe
Launcher args:	-classpath "D:\node.js-folder_resources2\Eclipse\GuessingGame\src\GuessingGame.exe" GuessingGame$1.class
Args length:	104/32768 chars
Exit code:	0


Version:	3.50
CmdLine:	D:\node.js-folder_resources2\Eclipse\GuessingGame\src\GuessingGame.exe --l4j-debug
JNI:		No
WOW64:		Yes
Working dir:	D:\node.js-folder_resources2\Eclipse\GuessingGame\src\.
Requires JDK:	No
Requires 64-Bit: No
Java min ver:	1.008.000
Java max ver:	1.021.000_005
JRE paths:	C:\Program Files\Java\jre1.8.0_421
Check launcher:	C:\Program Files\Java\jre1.8.0_421\bin\javaw.exe (OK)
Version string: 1.008.000_421 / 64-Bit (OK)
Main class:	GuessingGame$1.class
Info:		Classpath not defined.
Launcher:	C:\Program Files\Java\jre1.8.0_421\bin\javaw.exe
Launcher args:	-classpath "D:\node.js-folder_resources2\Eclipse\GuessingGame\src\GuessingGame.exe" GuessingGame$1.class
Args length:	104/32768 chars
Exit code:	0


Version:	3.50
CmdLine:	D:\node.js-folder_resources2\Eclipse\GuessingGame\src\GuessingGame.exe --l4j-debug
JNI:		No
WOW64:		Yes
Working dir:	D:\node.js-folder_resources2\Eclipse\GuessingGame\src\.
Requires JDK:	No
Requires 64-Bit: No
Java min ver:	1.008.000
Java max ver:	1.021.000_005
JRE paths:	C:\Program Files\Java\jre1.8.0_421
Check launcher:	C:\Program Files\Java\jre1.8.0_421\bin\javaw.exe (OK)
Version string: 1.008.000_421 / 64-Bit (OK)
Main class:	GuessingGame$1.class
Info:		Classpath not defined.
Launcher:	C:\Program Files\Java\jre1.8.0_421\bin\javaw.exe
Launcher args:	-classpath "D:\node.js-folder_resources2\Eclipse\GuessingGame\src\GuessingGame.exe" GuessingGame$1.class
Args length:	104/32768 chars
Exit code:	0


Version:	3.50
CmdLine:	D:\node.js-folder_resources2\Eclipse\GuessingGame\src\GuessingGame.exe --l4j-debug
JNI:		No
WOW64:		Yes
Working dir:	D:\node.js-folder_resources2\Eclipse\GuessingGame\src\.
Requires JDK:	No
Requires 64-Bit: No
Java min ver:	1.008.000
Java max ver:	1.021.000_005
JRE paths:	C:\Program Files\Java\jre1.8.0_421
Check launcher:	C:\Program Files\Java\jre1.8.0_421\bin\javaw.exe (OK)
Version string: 1.008.000_421 / 64-Bit (OK)
Main class:	GuessingGame$1.class
Info:		Classpath not defined.
Launcher:	C:\Program Files\Java\jre1.8.0_421\bin\javaw.exe
Launcher args:	-classpath "D:\node.js-folder_resources2\Eclipse\GuessingGame\src\GuessingGame.exe" GuessingGame$1.class
Args length:	104/32768 chars
Exit code:	0


Version:	3.50
CmdLine:	D:\node.js-folder_resources2\Eclipse\GuessingGame\src\GuessingGame.exe --l4j-debug
JNI:		No
WOW64:		Yes
Working dir:	D:\node.js-folder_resources2\Eclipse\GuessingGame\src\.
Requires JDK:	No
Requires 64-Bit: No
Java min ver:	1.008.000
Java max ver:	1.021.000_005
JRE paths:	C:\Program Files\Java\jre1.8.0_421
Check launcher:	C:\Program Files\Java\jre1.8.0_421\bin\javaw.exe (OK)
Version string: 1.008.000_421 / 64-Bit (OK)
Main class:	D:\node.js-folder_resources2\Eclipse\GuessingGame\src\GuessingGame$1.class
Info:		Classpath not defined.
Launcher:	C:\Program Files\Java\jre1.8.0_421\bin\javaw.exe
Launcher args:	-classpath "D:\node.js-folder_resources2\Eclipse\GuessingGame\src\GuessingGame.exe" D:\node.js-folder_resources2\Eclipse\GuessingGame\src\GuessingGame$1.class
Args length:	158/32768 chars
Exit code:	0


Version:	3.50
CmdLine:	D:\node.js-folder_resources2\Eclipse\GuessingGame\src\GuessingGame.exe --l4j-debug
JNI:		No
WOW64:		Yes
Working dir:	D:\node.js-folder_resources2\Eclipse\GuessingGame\src\.
Requires JDK:	No
Requires 64-Bit: No
Java min ver:	1.008.000
Java max ver:	1.021.000_005
JRE paths:	C:\Program Files\Java\jre1.8.0_421
Check launcher:	C:\Program Files\Java\jre1.8.0_421\bin\javaw.exe (OK)
Version string: 1.008.000_421 / 64-Bit (OK)
Main class:	GuessingGame$1.class
Info:		Classpath not defined.
Launcher:	C:\Program Files\Java\jre1.8.0_421\bin\javaw.exe
Launcher args:	-classpath "D:\node.js-folder_resources2\Eclipse\GuessingGame\src\GuessingGame.exe" GuessingGame$1.class
Args length:	104/32768 chars
Exit code:	0


Version:	3.50
CmdLine:	D:\node.js-folder_resources2\Eclipse\GuessingGame\src\GuessingGame.exe --l4j-debug
JNI:		No
WOW64:		Yes
Working dir:	D:\node.js-folder_resources2\Eclipse\GuessingGame\src\.
Requires JDK:	No
Requires 64-Bit: No
Java min ver:	1.008.000
Java max ver:	1.021.000_005
JRE paths:	C:\Program Files\Java\jre1.8.0_421
Check launcher:	C:\Program Files\Java\jre1.8.0_421\bin\javaw.exe (OK)
Version string: 1.008.000_421 / 64-Bit (OK)
Main class:	GuessingGame.class
Info:		Classpath not defined.
Launcher:	C:\Program Files\Java\jre1.8.0_421\bin\javaw.exe
Launcher args:	-classpath "D:\node.js-folder_resources2\Eclipse\GuessingGame\src\GuessingGame.exe" GuessingGame.class
Args length:	102/32768 chars
Exit code:	0


Version:	3.50
CmdLine:	D:\node.js-folder_resources2\Eclipse\GuessingGame\src\GuessingGame.exe --l4j-debug
JNI:		No
WOW64:		Yes
Working dir:	D:\node.js-folder_resources2\Eclipse\GuessingGame\src\.
Requires JDK:	No
Requires 64-Bit: No
Java min ver:	1.008.000
Java max ver:	1.021.000_005
JRE paths:	C:\Program Files\Java\jre1.8.0_421
Check launcher:	C:\Program Files\Java\jre1.8.0_421\bin\javaw.exe (OK)
Version string: 1.008.000_421 / 64-Bit (OK)
Substitute:	EXEDIR = D:\node.js-folder_resources2\Eclipse\GuessingGame\src
Main class:	D:\node.js-folder_resources2\Eclipse\GuessingGame\src\GuessingGame.class
Info:		Classpath not defined.
Launcher:	C:\Program Files\Java\jre1.8.0_421\bin\javaw.exe
Launcher args:	-Dlaunch4j.exedir="D:\node.js-folder_resources2\Eclipse\GuessingGame\src" -classpath "D:\node.js-folder_resources2\Eclipse\GuessingGame\src\GuessingGame.exe" D:\node.js-folder_resources2\Eclipse\GuessingGame\src\GuessingGame.class
Args length:	230/32768 chars
Exit code:	0


Version:	3.50
CmdLine:	D:\node.js-folder_resources2\Eclipse\GuessingGame\src\GuessingGame.exe --l4j-debug
JNI:		No
WOW64:		Yes
Working dir:	D:\node.js-folder_resources2\Eclipse\GuessingGame\src\.
Requires JDK:	No
Requires 64-Bit: No
Java min ver:	1.008.000
Java max ver:	1.021.000_005
JRE paths:	C:\Program Files\Java\jre1.8.0_421
Check launcher:	C:\Program Files\Java\jre1.8.0_421\bin\javaw.exe (OK)
Version string: 1.008.000_421 / 64-Bit (OK)
Substitute:	EXEDIR = D:\node.js-folder_resources2\Eclipse\GuessingGame\src
Main class:	D:\node.js-folder_resources2\Eclipse\GuessingGame\src\GuessingGame.class
Info:		Classpath not defined.
Launcher:	C:\Program Files\Java\jre1.8.0_421\bin\javaw.exe
Launcher args:	-Dlaunch4j.exedir="D:\node.js-folder_resources2\Eclipse\GuessingGame\src" -classpath "D:\node.js-folder_resources2\Eclipse\GuessingGame\src\GuessingGame.exe" D:\node.js-folder_resources2\Eclipse\GuessingGame\src\GuessingGame.class
Args length:	230/32768 chars
Exit code:	0


Version:	3.50
CmdLine:	D:\node.js-folder_resources2\Eclipse\GuessingGame\src\GuessingGame.exe --l4j-debug
JNI:		No
WOW64:		Yes
Working dir:	D:\node.js-folder_resources2\Eclipse\GuessingGame\src\.
Requires JDK:	No
Requires 64-Bit: No
Java min ver:	1.008.000
Java max ver:	1.021.000_005
JRE paths:	C:\Program Files\Java\jre1.8.0_421
Check launcher:	C:\Program Files\Java\jre1.8.0_421\bin\javaw.exe (OK)
Version string: 1.008.000_421 / 64-Bit (OK)
Substitute:	EXEDIR = D:\node.js-folder_resources2\Eclipse\GuessingGame\src
Main class:	D:\node.js-folder_resources2\Eclipse\GuessingGame\src\GuessingGame.class
Info:		Classpath not defined.
Launcher:	C:\Program Files\Java\jre1.8.0_421\bin\javaw.exe
Launcher args:	-Dlaunch4j.exedir="D:\node.js-folder_resources2\Eclipse\GuessingGame\src" -classpath "D:\node.js-folder_resources2\Eclipse\GuessingGame\src\GuessingGame.exe" D:\node.js-folder_resources2\Eclipse\GuessingGame\src\GuessingGame.class
Args length:	230/32768 chars
Exit code:	0


Version:	3.50
CmdLine:	D:\node.js-folder_resources2\Eclipse\GuessingGame\src\GuessingGame.exe --l4j-debug
JNI:		No
WOW64:		Yes
Working dir:	D:\node.js-folder_resources2\Eclipse\GuessingGame\src\.
Requires JDK:	No
Requires 64-Bit: No
Java min ver:	1.008.000
Java max ver:	1.021.000_005
JRE paths:	C:\Program Files\Java\jre1.8.0_421
Check launcher:	C:\Program Files\Java\jre1.8.0_421\bin\javaw.exe (OK)
Version string: 1.008.000_421 / 64-Bit (OK)
Substitute:	EXEDIR = D:\node.js-folder_resources2\Eclipse\GuessingGame\src
Main class:	D:\node.js-folder_resources2\Eclipse\GuessingGame\src\GuessingGame.class
Info:		Classpath not defined.
Launcher:	C:\Program Files\Java\jre1.8.0_421\bin\javaw.exe
Launcher args:	-Dlaunch4j.exedir="D:\node.js-folder_resources2\Eclipse\GuessingGame\src" -classpath "D:\node.js-folder_resources2\Eclipse\GuessingGame\src\GuessingGame.exe" D:\node.js-folder_resources2\Eclipse\GuessingGame\src\GuessingGame.class
Args length:	230/32768 chars
Exit code:	0


Version:	3.50
CmdLine:	D:\node.js-folder_resources2\Eclipse\GuessingGame\src\GuessingGame.exe --l4j-debug
JNI:		No
WOW64:		Yes
Working dir:	D:\node.js-folder_resources2\Eclipse\GuessingGame\src\.
Requires JDK:	No
Requires 64-Bit: No
Java min ver:	1.008.000
Java max ver:	1.021.000_005
JRE paths:	C:\Program Files\Java\jre1.8.0_421
Check launcher:	C:\Program Files\Java\jre1.8.0_421\bin\javaw.exe (OK)
Version string: 1.008.000_421 / 64-Bit (OK)
Substitute:	EXEDIR = D:\node.js-folder_resources2\Eclipse\GuessingGame\src
Main class:	D:\node.js-folder_resources2\Eclipse\GuessingGame\src\GuessingGame.class
Info:		Classpath not defined.
Launcher:	C:\Program Files\Java\jre1.8.0_421\bin\javaw.exe
Launcher args:	-Dlaunch4j.exedir="D:\node.js-folder_resources2\Eclipse\GuessingGame\src" -classpath "D:\node.js-folder_resources2\Eclipse\GuessingGame\src\GuessingGame.exe" D:\node.js-folder_resources2\Eclipse\GuessingGame\src\GuessingGame.class
Args length:	230/32768 chars
Exit code:	0


Version:	3.50
CmdLine:	D:\node.js-folder_resources2\Eclipse\GuessingGame\src\GuessingGame.exe --l4j-debug
JNI:		No
WOW64:		Yes
Working dir:	D:\node.js-folder_resources2\Eclipse\GuessingGame\src\.
Requires JDK:	No
Requires 64-Bit: No
Java min ver:	1.008.000
Java max ver:	1.021.000_005
JRE paths:	C:\Program Files\Java\jre1.8.0_421
Check launcher:	C:\Program Files\Java\jre1.8.0_421\bin\javaw.exe (OK)
Version string: 1.008.000_421 / 64-Bit (OK)
Substitute:	EXEDIR = D:\node.js-folder_resources2\Eclipse\GuessingGame\src
Main class:	GuessingGame.class
Info:		Classpath not defined.
Launcher:	C:\Program Files\Java\jre1.8.0_421\bin\javaw.exe
Launcher args:	-Dlaunch4j.exedir="D:\node.js-folder_resources2\Eclipse\GuessingGame\src" -classpath "D:\node.js-folder_resources2\Eclipse\GuessingGame\src\GuessingGame.exe" GuessingGame.class
Args length:	176/32768 chars
Exit code:	0


Version:	3.50
CmdLine:	D:\node.js-folder_resources2\Eclipse\GuessingGame\src\GuessingGame.exe --l4j-debug
JNI:		No
WOW64:		Yes
Working dir:	D:\node.js-folder_resources2\Eclipse\GuessingGame\src\.
Requires JDK:	No
Requires 64-Bit: No
Java min ver:	1.008.000
Java max ver:	1.021.000_005
JRE paths:	C:\Program Files\Java\jre1.8.0_421
Check launcher:	C:\Program Files\Java\jre1.8.0_421\bin\javaw.exe (OK)
Version string: 1.008.000_421 / 64-Bit (OK)
Substitute:	EXEDIR = D:\node.js-folder_resources2\Eclipse\GuessingGame\src
Main class:	GuessingGame.class
Info:		Classpath not defined.
Launcher:	C:\Program Files\Java\jre1.8.0_421\bin\javaw.exe
Launcher args:	-Dlaunch4j.exedir="D:\node.js-folder_resources2\Eclipse\GuessingGame\src" -classpath "D:\node.js-folder_resources2\Eclipse\GuessingGame\src\GuessingGame.exe" GuessingGame.class
Args length:	176/32768 chars
Exit code:	0


Version:	3.50
CmdLine:	D:\node.js-folder_resources2\Eclipse\GuessingGame\src\GuessingGame.exe --l4j-debug
JNI:		No
WOW64:		Yes
Working dir:	D:\node.js-folder_resources2\Eclipse\GuessingGame\src\.
Requires JDK:	No
Requires 64-Bit: No
Java min ver:	1.008.000
Java max ver:	1.021.000_005
JRE paths:	C:\Program Files\Java\jre1.8.0_421
Check launcher:	C:\Program Files\Java\jre1.8.0_421\bin\javaw.exe (OK)
Version string: 1.008.000_421 / 64-Bit (OK)
Substitute:	EXEDIR = D:\node.js-folder_resources2\Eclipse\GuessingGame\src
Main class:	GuessingGame.class
Info:		Classpath not defined.
Launcher:	C:\Program Files\Java\jre1.8.0_421\bin\javaw.exe
Launcher args:	-Dlaunch4j.exedir="D:\node.js-folder_resources2\Eclipse\GuessingGame\src" -classpath "D:\node.js-folder_resources2\Eclipse\GuessingGame\src\GuessingGame.exe" GuessingGame.class
Args length:	176/32768 chars
Exit code:	0


Version:	3.50
CmdLine:	D:\node.js-folder_resources2\Eclipse\GuessingGame\src\GuessingGame.exe --l4j-debug
JNI:		No
WOW64:		Yes
Working dir:	D:\node.js-folder_resources2\Eclipse\GuessingGame\src\.
Requires JDK:	No
Requires 64-Bit: No
Java min ver:	1.008.000
Java max ver:	1.021.000_005
JRE paths:	C:\Program Files\Java\jre1.8.0_421
Check launcher:	C:\Program Files\Java\jre1.8.0_421\bin\javaw.exe (OK)
Version string: 1.008.000_421 / 64-Bit (OK)
Main class:	GuessingGame.class
Info:		Classpath not defined.
Launcher:	C:\Program Files\Java\jre1.8.0_421\bin\javaw.exe
Launcher args:	-classpath "D:\node.js-folder_resources2\Eclipse\GuessingGame\src\GuessingGame.exe" GuessingGame.class
Args length:	102/32768 chars
Exit code:	0


Version:	3.50
CmdLine:	D:\node.js-folder_resources2\Eclipse\GuessingGame\src\GuessingGame.exe --l4j-debug
JNI:		No
WOW64:		Yes
Working dir:	D:\node.js-folder_resources2\Eclipse\GuessingGame\src\.
Requires JDK:	No
Requires 64-Bit: No
Java min ver:	1.008.000
Java max ver:	1.021.000_005
JRE paths:	C:\Program Files\Java\jre1.8.0_421
Check launcher:	C:\Program Files\Java\jre1.8.0_421\bin\javaw.exe (OK)
Version string: 1.008.000_421 / 64-Bit (OK)
Main class:	GuessingGame.class
Info:		Classpath not defined.
Launcher:	C:\Program Files\Java\jre1.8.0_421\bin\javaw.exe
Launcher args:	-classpath "D:\node.js-folder_resources2\Eclipse\GuessingGame\src\GuessingGame.exe" GuessingGame.class
Args length:	102/32768 chars
Exit code:	0


Version:	3.50
CmdLine:	D:\node.js-folder_resources2\Eclipse\GuessingGame\src\GuessingGame.exe --l4j-debug
JNI:		No
WOW64:		Yes
Working dir:	D:\node.js-folder_resources2\Eclipse\GuessingGame\src\.
Requires JDK:	No
Requires 64-Bit: No
Java min ver:	1.008.000
Java max ver:	1.021.000_005
JRE paths:	C:\Program Files\Java\jre1.8.0_421
Check launcher:	C:\Program Files\Java\jre1.8.0_421\bin\javaw.exe (OK)
Version string: 1.008.000_421 / 64-Bit (OK)
Main class:	GuessingGame.class
Info:		Classpath not defined.
Launcher:	C:\Program Files\Java\jre1.8.0_421\bin\javaw.exe
Launcher args:	-classpath "D:\node.js-folder_resources2\Eclipse\GuessingGame\src\GuessingGame.exe" GuessingGame.class
Args length:	102/32768 chars
Exit code:	0


Version:	3.50
CmdLine:	D:\node.js-folder_resources2\Eclipse\GuessingGame\src\GuessingGame.exe --l4j-debug
JNI:		No
WOW64:		Yes
Working dir:	D:\node.js-folder_resources2\Eclipse\GuessingGame\src\.
Requires JDK:	No
Requires 64-Bit: No
Java min ver:	1.008.000
Java max ver:	1.021.000_005
JRE paths:	C:\Program Files\Java\jre1.8.0_421
Check launcher:	C:\Program Files\Java\jre1.8.0_421\bin\javaw.exe (OK)
Version string: 1.008.000_421 / 64-Bit (OK)
Main class:	GuessingGame.class
Info:		Classpath not defined.
Launcher:	C:\Program Files\Java\jre1.8.0_421\bin\javaw.exe
Launcher args:	-classpath "D:\node.js-folder_resources2\Eclipse\GuessingGame\src\GuessingGame.exe" GuessingGame.class
Args length:	102/32768 chars
Exit code:	0


Version:	3.50
CmdLine:	D:\node.js-folder_resources2\Eclipse\GuessingGame\src\GuessingGame.exe --l4j-debug
JNI:		No
WOW64:		Yes
Working dir:	D:\node.js-folder_resources2\Eclipse\GuessingGame\src\.
Requires JDK:	No
Requires 64-Bit: No
Java min ver:	1.008.000
Java max ver:	1.021.000_005
JRE paths:	C:\Program Files\Java\jre1.8.0_421
Check launcher:	C:\Program Files\Java\jre1.8.0_421\bin\javaw.exe (OK)
Version string: 1.008.000_421 / 64-Bit (OK)
Main class:	GuessingGame.class
Info:		Classpath not defined.
Launcher:	C:\Program Files\Java\jre1.8.0_421\bin\javaw.exe
Launcher args:	-classpath "D:\node.js-folder_resources2\Eclipse\GuessingGame\src\GuessingGame.exe" GuessingGame.class
Args length:	102/32768 chars
Exit code:	0


Version:	3.50
CmdLine:	D:\node.js-folder_resources2\Eclipse\GuessingGame\src\GuessingGame.exe --l4j-debug
JNI:		No
WOW64:		Yes
Working dir:	D:\node.js-folder_resources2\Eclipse\GuessingGame\src\.
Requires JDK:	No
Requires 64-Bit: No
Java min ver:	1.008.000
Java max ver:	1.021.000_005
JRE paths:	C:\Program Files\Java\jre1.8.0_421
Check launcher:	C:\Program Files\Java\jre1.8.0_421\bin\javaw.exe (OK)
Version string: 1.008.000_421 / 64-Bit (OK)
Main class:	GuessingGame.class
Info:		Classpath not defined.
Launcher:	C:\Program Files\Java\jre1.8.0_421\bin\javaw.exe
Launcher args:	-classpath "D:\node.js-folder_resources2\Eclipse\GuessingGame\src\GuessingGame.exe" GuessingGame.class
Args length:	102/32768 chars
Exit code:	0


Version:	3.50
CmdLine:	D:\node.js-folder_resources2\Eclipse\GuessingGame\src\GuessingGame.exe --l4j-debug
JNI:		No
WOW64:		Yes
Working dir:	D:\node.js-folder_resources2\Eclipse\GuessingGame\src\.
Requires JDK:	No
Requires 64-Bit: No
Java min ver:	1.008.000
Java max ver:	1.021.000_005
JRE paths:	C:\Program Files\Java\jre1.8.0_421
Check launcher:	C:\Program Files\Java\jre1.8.0_421\bin\javaw.exe (OK)
Version string: 1.008.000_421 / 64-Bit (OK)
Main class:	GuessingGame.class
Info:		Classpath not defined.
Launcher:	C:\Program Files\Java\jre1.8.0_421\bin\javaw.exe
Launcher args:	-classpath "D:\node.js-folder_resources2\Eclipse\GuessingGame\src\GuessingGame.exe" GuessingGame.class
Args length:	102/32768 chars
Exit code:	0


Version:	3.50
CmdLine:	D:\node.js-folder_resources2\Eclipse\GuessingGame\src\GuessingGame.exe --l4j-debug
JNI:		No
WOW64:		Yes
Working dir:	D:\node.js-folder_resources2\Eclipse\GuessingGame\src\.
Requires JDK:	No
Requires 64-Bit: No
Java min ver:	1.008.000
Java max ver:	1.021.000_005
JRE paths:	C:\Program Files\Java\jre1.8.0_421
Check launcher:	C:\Program Files\Java\jre1.8.0_421\bin\javaw.exe (OK)
Version string: 1.008.000_421 / 64-Bit (OK)
Main class:	GuessingGame.class
Info:		Classpath not defined.
Launcher:	C:\Program Files\Java\jre1.8.0_421\bin\javaw.exe
Launcher args:	-classpath "D:\node.js-folder_resources2\Eclipse\GuessingGame\src\GuessingGame.exe" GuessingGame.class
Args length:	102/32768 chars
Exit code:	0


Version:	3.50
CmdLine:	D:\node.js-folder_resources2\Eclipse\GuessingGame\src\GuessingGame.exe --l4j-debug
JNI:		No
WOW64:		Yes
Working dir:	D:\node.js-folder_resources2\Eclipse\GuessingGame\src\.
Requires JDK:	No
Requires 64-Bit: No
Java min ver:	1.008.000
Java max ver:	1.021.000_005
JRE paths:	C:\Program Files\Java\jre1.8.0_421
Check launcher:	C:\Program Files\Java\jre1.8.0_421\bin\javaw.exe (OK)
Version string: 1.008.000_421 / 64-Bit (OK)
Main class:	GuessingGame.class
Info:		Classpath not defined.
Launcher:	C:\Program Files\Java\jre1.8.0_421\bin\javaw.exe
Launcher args:	-classpath "D:\node.js-folder_resources2\Eclipse\GuessingGame\src\GuessingGame.exe" GuessingGame.class
Args length:	102/32768 chars
Exit code:	0


Version:	3.50
CmdLine:	D:\node.js-folder_resources2\Eclipse\GuessingGame\src\GuessingGame.exe --l4j-debug
JNI:		No
WOW64:		Yes
Working dir:	D:\node.js-folder_resources2\Eclipse\GuessingGame\src\.
Requires JDK:	No
Requires 64-Bit: No
Java min ver:	1.008.000
Java max ver:	1.021.000_005
JRE paths:	C:\Program Files\Java\jre1.8.0_421
Check launcher:	C:\Program Files\Java\jre1.8.0_421\bin\javaw.exe (OK)
Version string: 1.008.000_421 / 64-Bit (OK)
Main class:	GuessingGame.class
Info:		Classpath not defined.
Launcher:	C:\Program Files\Java\jre1.8.0_421\bin\javaw.exe
Launcher args:	-classpath "D:\node.js-folder_resources2\Eclipse\GuessingGame\src\GuessingGame.exe" GuessingGame.class
Args length:	102/32768 chars
Exit code:	0


Version:	3.50
CmdLine:	D:\node.js-folder_resources2\Eclipse\GuessingGame\src\GuessingGame.exe --l4j-debug
JNI:		No
WOW64:		Yes
Working dir:	D:\node.js-folder_resources2\Eclipse\GuessingGame\src\.
Requires JDK:	No
Requires 64-Bit: No
Java min ver:	1.008.000
Java max ver:	1.021.000_005
JRE paths:	C:\Program Files\Java\jre1.8.0_421
Check launcher:	C:\Program Files\Java\jre1.8.0_421\bin\javaw.exe (OK)
Version string: 1.008.000_421 / 64-Bit (OK)
Main class:	GuessingGame.class
Info:		Classpath not defined.
Launcher:	C:\Program Files\Java\jre1.8.0_421\bin\javaw.exe
Launcher args:	-classpath "D:\node.js-folder_resources2\Eclipse\GuessingGame\src\GuessingGame.exe" GuessingGame.class
Args length:	102/32768 chars
Exit code:	0


Version:	3.50
CmdLine:	D:\node.js-folder_resources2\Eclipse\GuessingGame\src\GuessingGame.exe --l4j-debug
JNI:		No
WOW64:		Yes
Working dir:	D:\node.js-folder_resources2\Eclipse\GuessingGame\src\.
Requires JDK:	No
Requires 64-Bit: No
Java min ver:	1.008.000
Java max ver:	1.021.000_005
JRE paths:	C:\Program Files\Java\jre1.8.0_421
Check launcher:	C:\Program Files\Java\jre1.8.0_421\bin\javaw.exe (OK)
Version string: 1.008.000_421 / 64-Bit (OK)
Main class:	GuessingGame.class
Info:		Classpath not defined.
Launcher:	C:\Program Files\Java\jre1.8.0_421\bin\javaw.exe
Launcher args:	-classpath "D:\node.js-folder_resources2\Eclipse\GuessingGame\src\GuessingGame.exe" GuessingGame.class
Args length:	102/32768 chars
Exit code:	0


Version:	3.50
CmdLine:	D:\node.js-folder_resources2\Eclipse\GuessingGame\src\GuessingGame.exe --l4j-debug
JNI:		No
WOW64:		Yes
Working dir:	D:\node.js-folder_resources2\Eclipse\GuessingGame\src\.
Requires JDK:	No
Requires 64-Bit: No
Java min ver:	1.008.000
Java max ver:	1.021.000_005
JRE paths:	C:\Program Files\Java\jre1.8.0_421
Check launcher:	C:\Program Files\Java\jre1.8.0_421\bin\javaw.exe (OK)
Version string: 1.008.000_421 / 64-Bit (OK)
Main class:	GuessingGame.class
Info:		Classpath not defined.
Launcher:	C:\Program Files\Java\jre1.8.0_421\bin\javaw.exe
Launcher args:	-classpath "D:\node.js-folder_resources2\Eclipse\GuessingGame\src\GuessingGame.exe" GuessingGame.class
Args length:	102/32768 chars
Exit code:	0


Version:	3.50
CmdLine:	D:\node.js-folder_resources2\Eclipse\GuessingGame\src\GuessingGame.exe --l4j-debug
JNI:		No
WOW64:		Yes
Working dir:	D:\node.js-folder_resources2\Eclipse\GuessingGame\src\.
Requires JDK:	No
Requires 64-Bit: No
Java min ver:	1.008.000
Java max ver:	1.021.000_005
JRE paths:	C:\Program Files\Java\jre1.8.0_421
Check launcher:	C:\Program Files\Java\jre1.8.0_421\bin\javaw.exe (OK)
Version string: 1.008.000_421 / 64-Bit (OK)
Main class:	GuessingGame.class
Info:		Classpath not defined.
Launcher:	C:\Program Files\Java\jre1.8.0_421\bin\javaw.exe
Launcher args:	-classpath "D:\node.js-folder_resources2\Eclipse\GuessingGame\src\GuessingGame.exe" GuessingGame.class
Args length:	102/32768 chars
Exit code:	0


Version:	3.50
CmdLine:	D:\node.js-folder_resources2\Eclipse\GuessingGame\src\GuessingGame.exe --l4j-debug
JNI:		No
WOW64:		Yes
Working dir:	D:\node.js-folder_resources2\Eclipse\GuessingGame\src\.
Requires JDK:	No
Requires 64-Bit: No
Java min ver:	1.008.000
Java max ver:	1.021.000_005
JRE paths:	C:\Program Files\Java\jre1.8.0_421
Check launcher:	C:\Program Files\Java\jre1.8.0_421\bin\javaw.exe (OK)
Version string: 1.008.000_421 / 64-Bit (OK)
Main class:	GuessingGame.class
Info:		Classpath not defined.
Launcher:	C:\Program Files\Java\jre1.8.0_421\bin\javaw.exe
Launcher args:	-classpath "D:\node.js-folder_resources2\Eclipse\GuessingGame\src\GuessingGame.exe" GuessingGame.class
Args length:	102/32768 chars
Exit code:	0


Version:	3.50
CmdLine:	D:\node.js-folder_resources2\Eclipse\GuessingGame\src\GuessingGame.exe --l4j-debug
JNI:		No
WOW64:		Yes
Working dir:	D:\node.js-folder_resources2\Eclipse\GuessingGame\src\.
Requires JDK:	No
Requires 64-Bit: No
Java min ver:	1.008.000
Java max ver:	1.021.000_005
JRE paths:	C:\Program Files\Java\jre1.8.0_421
Check launcher:	C:\Program Files\Java\jre1.8.0_421\bin\javaw.exe (OK)
Version string: 1.008.000_421 / 64-Bit (OK)
Main class:	GuessingGame.class
Info:		Classpath not defined.
Launcher:	C:\Program Files\Java\jre1.8.0_421\bin\javaw.exe
Launcher args:	-classpath "D:\node.js-folder_resources2\Eclipse\GuessingGame\src\GuessingGame.exe" GuessingGame.class
Args length:	102/32768 chars
Exit code:	0


Version:	3.50
CmdLine:	D:\node.js-folder_resources2\Eclipse\GuessingGame\src\GuessingGame.exe --l4j-debug
JNI:		No
WOW64:		Yes
Working dir:	D:\node.js-folder_resources2\Eclipse\GuessingGame\src\.
Requires JDK:	No
Requires 64-Bit: No
Java min ver:	1.008.000
Java max ver:	1.021.000_005
JRE paths:	C:\Program Files\Java\jre1.8.0_421
Check launcher:	C:\Program Files\Java\jre1.8.0_421\bin\javaw.exe (OK)
Version string: 1.008.000_421 / 64-Bit (OK)
Main class:	GuessingGame.class
Info:		Classpath not defined.
Launcher:	C:\Program Files\Java\jre1.8.0_421\bin\javaw.exe
Launcher args:	-classpath "D:\node.js-folder_resources2\Eclipse\GuessingGame\src\GuessingGame.exe" GuessingGame.class
Args length:	102/32768 chars
Exit code:	0


Version:	3.50
CmdLine:	D:\node.js-folder_resources2\Eclipse\GuessingGame\src\GuessingGame.exe --l4j-debug
JNI:		No
WOW64:		Yes
Working dir:	D:\node.js-folder_resources2\Eclipse\GuessingGame\src\.
Requires JDK:	No
Requires 64-Bit: No
Java min ver:	1.008.000
Java max ver:	1.021.000_005
JRE paths:	C:\Program Files\Java\jre1.8.0_421
Check launcher:	C:\Program Files\Java\jre1.8.0_421\bin\javaw.exe (OK)
Version string: 1.008.000_421 / 64-Bit (OK)
Main class:	GuessingGame.class
Info:		Classpath not defined.
Launcher:	C:\Program Files\Java\jre1.8.0_421\bin\javaw.exe
Launcher args:	-classpath "D:\node.js-folder_resources2\Eclipse\GuessingGame\src\GuessingGame.exe" GuessingGame.class
Args length:	102/32768 chars
Exit code:	0


Version:	3.50
CmdLine:	D:\node.js-folder_resources2\Eclipse\GuessingGame\src\GuessingGame.exe --l4j-debug
JNI:		No
WOW64:		Yes
Working dir:	D:\node.js-folder_resources2\Eclipse\GuessingGame\src\.
Requires JDK:	No
Requires 64-Bit: No
Java min ver:	1.008.000
Java max ver:	1.021.000_005
JRE paths:	C:\Program Files\Java\jre1.8.0_421
Check launcher:	C:\Program Files\Java\jre1.8.0_421\bin\javaw.exe (OK)
Version string: 1.008.000_421 / 64-Bit (OK)
Main class:	GuessingGame.class
Info:		Classpath not defined.
Launcher:	C:\Program Files\Java\jre1.8.0_421\bin\javaw.exe
Launcher args:	-classpath "D:\node.js-folder_resources2\Eclipse\GuessingGame\src\GuessingGame.exe" GuessingGame.class
Args length:	102/32768 chars
Exit code:	0


Version:	3.50
CmdLine:	D:\node.js-folder_resources2\Eclipse\GuessingGame\src\GuessingGame.exe --l4j-debug
JNI:		No
WOW64:		Yes
Working dir:	D:\node.js-folder_resources2\Eclipse\GuessingGame\src\.
Requires JDK:	No
Requires 64-Bit: No
Java min ver:	1.008.000
Java max ver:	1.021.000_005
JRE paths:	C:\Program Files\Java\jre1.8.0_421
Check launcher:	C:\Program Files\Java\jre1.8.0_421\bin\javaw.exe (OK)
Version string: 1.008.000_421 / 64-Bit (OK)
Main class:	GuessingGame.class
Info:		Classpath not defined.
Launcher:	C:\Program Files\Java\jre1.8.0_421\bin\javaw.exe
Launcher args:	-classpath "D:\node.js-folder_resources2\Eclipse\GuessingGame\src\GuessingGame.exe" GuessingGame.class
Args length:	102/32768 chars
Exit code:	0


Version:	3.50
CmdLine:	D:\node.js-folder_resources2\Eclipse\GuessingGame\src\GuessingGame.exe --l4j-debug
JNI:		No
WOW64:		Yes
Working dir:	D:\node.js-folder_resources2\Eclipse\GuessingGame\src\.
Requires JDK:	No
Requires 64-Bit: No
Java min ver:	1.008.000
Java max ver:	1.021.000_005
JRE paths:	C:\Program Files\Java\jre1.8.0_421
Check launcher:	C:\Program Files\Java\jre1.8.0_421\bin\javaw.exe (OK)
Version string: 1.008.000_421 / 64-Bit (OK)
Main class:	GuessingGame.class
Info:		Classpath not defined.
Launcher:	C:\Program Files\Java\jre1.8.0_421\bin\javaw.exe
Launcher args:	-classpath "D:\node.js-folder_resources2\Eclipse\GuessingGame\src\GuessingGame.exe" GuessingGame.class
Args length:	102/32768 chars
Exit code:	0


Version:	3.50
CmdLine:	D:\node.js-folder_resources2\Eclipse\GuessingGame\src\GuessingGame.exe --l4j-debug
JNI:		No
WOW64:		Yes
Working dir:	D:\node.js-folder_resources2\Eclipse\GuessingGame\src\.
Requires JDK:	No
Requires 64-Bit: No
Java min ver:	1.008.000
Java max ver:	1.021.000_005
JRE paths:	C:\Program Files\Java\jre1.8.0_421
Check launcher:	C:\Program Files\Java\jre1.8.0_421\bin\javaw.exe (OK)
Version string: 1.008.000_421 / 64-Bit (OK)
Main class:	GuessingGame
Info:		Classpath not defined.
Launcher:	C:\Program Files\Java\jre1.8.0_421\bin\javaw.exe
Launcher args:	-classpath "D:\node.js-folder_resources2\Eclipse\GuessingGame\src\GuessingGame.exe" GuessingGame
Args length:	96/32768 chars
Exit code:	0


Version:	3.50
CmdLine:	D:\node.js-folder_resources2\Eclipse\GuessingGame\src\GuessingGame.exe --l4j-debug
JNI:		No
WOW64:		Yes
Working dir:	D:\node.js-folder_resources2\Eclipse\GuessingGame\src\.
Requires JDK:	No
Requires 64-Bit: No
Java min ver:	1.008.000
Java max ver:	1.021.000_005
JRE paths:	C:\Program Files\Java\jre1.8.0_421
Check launcher:	C:\Program Files\Java\jre1.8.0_421\bin\javaw.exe (OK)
Version string: 1.008.000_421 / 64-Bit (OK)
Main class:	GuessingGame
Info:		Classpath not defined.
Launcher:	C:\Program Files\Java\jre1.8.0_421\bin\javaw.exe
Launcher args:	-classpath "D:\node.js-folder_resources2\Eclipse\GuessingGame\src\GuessingGame.exe" GuessingGame
Args length:	96/32768 chars
Exit code:	0


Version:	3.50
CmdLine:	D:\node.js-folder_resources2\Eclipse\GuessingGame\src\GuessingGame.exe --l4j-debug
JNI:		No
WOW64:		Yes
Working dir:	D:\node.js-folder_resources2\Eclipse\GuessingGame\src\.
Requires JDK:	No
Requires 64-Bit: No
Java min ver:	1.008.000
Java max ver:	1.021.000_005
JRE paths:	C:\Program Files\Java\jre1.8.0_421
Check launcher:	C:\Program Files\Java\jre1.8.0_421\bin\javaw.exe (OK)
Version string: 1.008.000_421 / 64-Bit (OK)
Main class:	GuessingGame
Info:		Classpath not defined.
Launcher:	C:\Program Files\Java\jre1.8.0_421\bin\javaw.exe
Launcher args:	-classpath "D:\node.js-folder_resources2\Eclipse\GuessingGame\src\GuessingGame.exe" GuessingGame
Args length:	96/32768 chars
Exit code:	0


Version:	3.50
CmdLine:	D:\node.js-folder_resources2\Eclipse\GuessingGame\src\GuessingGame.exe --l4j-debug
JNI:		No
WOW64:		Yes
Working dir:	D:\node.js-folder_resources2\Eclipse\GuessingGame\src\.
Requires JDK:	No
Requires 64-Bit: No
Java min ver:	1.008.000
Java max ver:	1.021.000_005
JRE paths:	C:\Program Files\Java\jre1.8.0_421
Check launcher:	C:\Program Files\Java\jre1.8.0_421\bin\javaw.exe (OK)
Version string: 1.008.000_421 / 64-Bit (OK)
Main class:	GuessingGame
Info:		Classpath not defined.
Launcher:	C:\Program Files\Java\jre1.8.0_421\bin\javaw.exe
Launcher args:	-classpath "D:\node.js-folder_resources2\Eclipse\GuessingGame\src\GuessingGame.exe" GuessingGame
Args length:	96/32768 chars
Exit code:	0


Version:	3.50
CmdLine:	D:\node.js-folder_resources2\Eclipse\GuessingGame\src\GuessingGame.exe --l4j-debug
JNI:		No
WOW64:		Yes
Working dir:	D:\node.js-folder_resources2\Eclipse\GuessingGame\src\.
Requires JDK:	No
Requires 64-Bit: No
Java min ver:	1.008.000
Java max ver:	1.021.000_005
JRE paths:	C:\Program Files\Java\jre1.8.0_421
Check launcher:	C:\Program Files\Java\jre1.8.0_421\bin\javaw.exe (OK)
Version string: 1.008.000_421 / 64-Bit (OK)
Main class:	GuessingGame
Info:		Classpath not defined.
Launcher:	C:\Program Files\Java\jre1.8.0_421\bin\javaw.exe
Launcher args:	-classpath "D:\node.js-folder_resources2\Eclipse\GuessingGame\src\GuessingGame.exe" GuessingGame
Args length:	96/32768 chars
Exit code:	0


Version:	3.50
CmdLine:	D:\node.js-folder_resources2\Eclipse\GuessingGame\src\GuessingGame.exe --l4j-debug
JNI:		No
WOW64:		Yes
Working dir:	D:\node.js-folder_resources2\Eclipse\GuessingGame\src\.
Requires JDK:	No
Requires 64-Bit: No
Java min ver:	1.008.000
Java max ver:	1.021.000_005
JRE paths:	C:\Program Files\Java\jre1.8.0_421
Check launcher:	C:\Program Files\Java\jre1.8.0_421\bin\javaw.exe (OK)
Version string: 1.008.000_421 / 64-Bit (OK)
Main class:	GuessingGame
Info:		Classpath not defined.
Launcher:	C:\Program Files\Java\jre1.8.0_421\bin\javaw.exe
Launcher args:	-classpath "D:\node.js-folder_resources2\Eclipse\GuessingGame\src\GuessingGame.exe" GuessingGame
Args length:	96/32768 chars
Exit code:	0


Version:	3.50
CmdLine:	D:\node.js-folder_resources2\Eclipse\GuessingGame\src\GuessingGame.exe --l4j-debug
JNI:		No
WOW64:		Yes
Working dir:	D:\node.js-folder_resources2\Eclipse\GuessingGame\src\.
Requires JDK:	No
Requires 64-Bit: No
Java min ver:	1.008.000
Java max ver:	1.021.000_005
JRE paths:	C:\Program Files\Java\jre1.8.0_421
Check launcher:	C:\Program Files\Java\jre1.8.0_421\bin\javaw.exe (OK)
Version string: 1.008.000_421 / 64-Bit (OK)
Main class:	GuessingGame
Info:		Classpath not defined.
Launcher:	C:\Program Files\Java\jre1.8.0_421\bin\javaw.exe
Launcher args:	-classpath "D:\node.js-folder_resources2\Eclipse\GuessingGame\src\GuessingGame.exe" GuessingGame
Args length:	96/32768 chars
Exit code:	0


Version:	3.50
CmdLine:	D:\node.js-folder_resources2\Eclipse\GuessingGame\src\GuessingGame.exe --l4j-debug
JNI:		No
WOW64:		Yes
Working dir:	D:\node.js-folder_resources2\Eclipse\GuessingGame\src\.
Requires JDK:	No
Requires 64-Bit: No
Java min ver:	1.008.000
Java max ver:	1.021.000_005
JRE paths:	C:\Program Files\Java\jre1.8.0_421
Check launcher:	C:\Program Files\Java\jre1.8.0_421\bin\javaw.exe (OK)
Version string: 1.008.000_421 / 64-Bit (OK)
Main class:	GuessingGame
Info:		Classpath not defined.
Launcher:	C:\Program Files\Java\jre1.8.0_421\bin\javaw.exe
Launcher args:	-classpath "D:\node.js-folder_resources2\Eclipse\GuessingGame\src\GuessingGame.exe" GuessingGame
Args length:	96/32768 chars
Exit code:	0


Version:	3.50
CmdLine:	D:\node.js-folder_resources2\Eclipse\GuessingGame\src\GuessingGame.exe --l4j-debug
JNI:		No
WOW64:		Yes
Working dir:	D:\node.js-folder_resources2\Eclipse\GuessingGame\src\.
Requires JDK:	No
Requires 64-Bit: No
Java min ver:	1.008.000
Java max ver:	1.021.000_005
JRE paths:	C:\Program Files\Java\jre1.8.0_421
Check launcher:	C:\Program Files\Java\jre1.8.0_421\bin\javaw.exe (OK)
Version string: 1.008.000_421 / 64-Bit (OK)
Main class:	GuessingGame
Info:		Classpath not defined.
Launcher:	C:\Program Files\Java\jre1.8.0_421\bin\javaw.exe
Launcher args:	-classpath "D:\node.js-folder_resources2\Eclipse\GuessingGame\src\GuessingGame.exe" GuessingGame
Args length:	96/32768 chars
Exit code:	0


Version:	3.50
CmdLine:	D:\node.js-folder_resources2\Eclipse\GuessingGame\src\GuessingGame.exe --l4j-debug
JNI:		No
WOW64:		Yes
Working dir:	D:\node.js-folder_resources2\Eclipse\GuessingGame\src\.
Requires JDK:	No
Requires 64-Bit: No
Java min ver:	1.008.000
Java max ver:	1.021.000_005
JRE paths:	C:\Program Files\Java\jre1.8.0_421
Check launcher:	C:\Program Files\Java\jre1.8.0_421\bin\javaw.exe (OK)
Version string: 1.008.000_421 / 64-Bit (OK)
Main class:	GuessingGame
Info:		Classpath not defined.
Launcher:	C:\Program Files\Java\jre1.8.0_421\bin\javaw.exe
Launcher args:	-classpath "D:\node.js-folder_resources2\Eclipse\GuessingGame\src\GuessingGame.exe" GuessingGame
Args length:	96/32768 chars
Exit code:	0


Version:	3.50
CmdLine:	D:\node.js-folder_resources2\Eclipse\GuessingGame\src\GuessingGame.exe --l4j-debug
JNI:		No
WOW64:		Yes
Working dir:	D:\node.js-folder_resources2\Eclipse\GuessingGame\src\.
Requires JDK:	No
Requires 64-Bit: No
Java min ver:	1.021.000_000
Java max ver:	1.021.000_005
JRE paths:	C:\Program Files\jdk-21.0.5
Check launcher:	C:\Program Files\jdk-21.0.5\bin\javaw.exe (OK)
Version string: 1.021.000_005 / 64-Bit (OK)
Main class:	GuessingGame
Info:		Classpath not defined.
Launcher:	C:\Program Files\jdk-21.0.5\bin\javaw.exe
Launcher args:	-classpath "D:\node.js-folder_resources2\Eclipse\GuessingGame\src\GuessingGame.exe" GuessingGame
Args length:	96/32768 chars
Exit code:	0


Version:	3.50
CmdLine:	D:\node.js-folder_resources2\Eclipse\GuessingGame\src\GuessingGame.exe --l4j-debug
JNI:		No
WOW64:		Yes
Working dir:	D:\node.js-folder_resources2\Eclipse\GuessingGame\src\.
Requires JDK:	No
Requires 64-Bit: No
Java min ver:	1.021.000_000
Java max ver:	1.021.000_005
JRE paths:	jdk-21.0.5
Check launcher:	D:\node.js-folder_resources2\Eclipse\GuessingGame\src\jdk-21.0.5\bin\javaw.exe (not found)
64-bit search:	SOFTWARE\JavaSoft\Java Runtime Environment...
Check:		SOFTWARE\JavaSoft\Java Runtime Environment\1.8
Version string: 1.008.000 / 64-Bit (Ignore)
Ignore:		1.008.000
Check:		SOFTWARE\JavaSoft\Java Runtime Environment\1.8.0_421
Version string: 1.008.000_421 / 64-Bit (Ignore)
Ignore:		1.008.000_421
32-bit search:	SOFTWARE\JavaSoft\Java Runtime Environment...
64-bit search:	SOFTWARE\JavaSoft\Java Development Kit...
32-bit search:	SOFTWARE\JavaSoft\Java Development Kit...
64-bit search:	SOFTWARE\JavaSoft\JRE...
32-bit search:	SOFTWARE\JavaSoft\JRE...
64-bit search:	SOFTWARE\JavaSoft\JDK...
32-bit search:	SOFTWARE\JavaSoft\JDK...
64-bit search:	SOFTWARE\IBM\Java Runtime Environment...
32-bit search:	SOFTWARE\IBM\Java Runtime Environment...
64-bit search:	SOFTWARE\IBM\Java Development Kit...
32-bit search:	SOFTWARE\IBM\Java Development Kit...
64-bit search:	SOFTWARE\IBM\Java2 Runtime Environment...
32-bit search:	SOFTWARE\IBM\Java2 Runtime Environment...
64-bit search:	SOFTWARE\IBM\Java Development Kit...
32-bit search:	SOFTWARE\IBM\Java Development Kit...
Error msg:	This application requires a Java Runtime Environment 21.0.0 - 21.0.5


Version:	3.50
CmdLine:	D:\node.js-folder_resources2\Eclipse\GuessingGame\src\GuessingGame.exe --l4j-debug
JNI:		No
WOW64:		Yes
Working dir:	D:\node.js-folder_resources2\Eclipse\GuessingGame\src\.
Requires JDK:	No
Requires 64-Bit: No
Java min ver:	1.021.000_000
Java max ver:	1.021.000_005
JRE paths:	jdk-21.0.5
Check launcher:	D:\node.js-folder_resources2\Eclipse\GuessingGame\src\jdk-21.0.5\bin\javaw.exe (not found)
64-bit search:	SOFTWARE\JavaSoft\Java Runtime Environment...
Check:		SOFTWARE\JavaSoft\Java Runtime Environment\1.8
Version string: 1.008.000 / 64-Bit (Ignore)
Ignore:		1.008.000
Check:		SOFTWARE\JavaSoft\Java Runtime Environment\1.8.0_421
Version string: 1.008.000_421 / 64-Bit (Ignore)
Ignore:		1.008.000_421
32-bit search:	SOFTWARE\JavaSoft\Java Runtime Environment...
64-bit search:	SOFTWARE\JavaSoft\Java Development Kit...
32-bit search:	SOFTWARE\JavaSoft\Java Development Kit...
64-bit search:	SOFTWARE\JavaSoft\JRE...
32-bit search:	SOFTWARE\JavaSoft\JRE...
64-bit search:	SOFTWARE\JavaSoft\JDK...
32-bit search:	SOFTWARE\JavaSoft\JDK...
64-bit search:	SOFTWARE\IBM\Java Runtime Environment...
32-bit search:	SOFTWARE\IBM\Java Runtime Environment...
64-bit search:	SOFTWARE\IBM\Java Development Kit...
32-bit search:	SOFTWARE\IBM\Java Development Kit...
64-bit search:	SOFTWARE\IBM\Java2 Runtime Environment...
32-bit search:	SOFTWARE\IBM\Java2 Runtime Environment...
64-bit search:	SOFTWARE\IBM\Java Development Kit...
32-bit search:	SOFTWARE\IBM\Java Development Kit...
Error msg:	This application requires a Java Runtime Environment 21.0.0 - 21.0.5


Version:	3.50
CmdLine:	D:\node.js-folder_resources2\Eclipse\GuessingGame\src\GuessingGame.exe --l4j-debug
JNI:		No
WOW64:		Yes
Working dir:	D:\node.js-folder_resources2\Eclipse\GuessingGame\src\.
Requires JDK:	No
Requires 64-Bit: No
Java min ver:	1.021.000_000
Java max ver:	1.021.000_005
JRE paths:	jdk-21.0.5
Check launcher:	D:\node.js-folder_resources2\Eclipse\GuessingGame\src\jdk-21.0.5\bin\javaw.exe (not found)
64-bit search:	SOFTWARE\JavaSoft\Java Runtime Environment...
Check:		SOFTWARE\JavaSoft\Java Runtime Environment\1.8
Version string: 1.008.000 / 64-Bit (Ignore)
Ignore:		1.008.000
Check:		SOFTWARE\JavaSoft\Java Runtime Environment\1.8.0_421
Version string: 1.008.000_421 / 64-Bit (Ignore)
Ignore:		1.008.000_421
32-bit search:	SOFTWARE\JavaSoft\Java Runtime Environment...
64-bit search:	SOFTWARE\JavaSoft\Java Development Kit...
32-bit search:	SOFTWARE\JavaSoft\Java Development Kit...
64-bit search:	SOFTWARE\JavaSoft\JRE...
32-bit search:	SOFTWARE\JavaSoft\JRE...
64-bit search:	SOFTWARE\JavaSoft\JDK...
32-bit search:	SOFTWARE\JavaSoft\JDK...
64-bit search:	SOFTWARE\IBM\Java Runtime Environment...
32-bit search:	SOFTWARE\IBM\Java Runtime Environment...
64-bit search:	SOFTWARE\IBM\Java Development Kit...
32-bit search:	SOFTWARE\IBM\Java Development Kit...
64-bit search:	SOFTWARE\IBM\Java2 Runtime Environment...
32-bit search:	SOFTWARE\IBM\Java2 Runtime Environment...
64-bit search:	SOFTWARE\IBM\Java Development Kit...
32-bit search:	SOFTWARE\IBM\Java Development Kit...
Error msg:	This application requires a Java Runtime Environment 21.0.0 - 21.0.5


Version:	3.50
CmdLine:	D:\node.js-folder_resources2\Eclipse\GuessingGame\src\GuessingGame.exe --l4j-debug
JNI:		No
WOW64:		Yes
Working dir:	D:\node.js-folder_resources2\Eclipse\GuessingGame\src\.
Requires JDK:	No
Requires 64-Bit: No
Java min ver:	1.021.000_000
Java max ver:	1.021.000_005
JRE paths:	C:\Program Files\jdk-21.0.5
Check launcher:	C:\Program Files\jdk-21.0.5\bin\javaw.exe (OK)
Version string: 1.021.000_005 / 64-Bit (OK)
Main class:	GuessingGame
Info:		Classpath not defined.
Launcher:	C:\Program Files\jdk-21.0.5\bin\javaw.exe
Launcher args:	-classpath "D:\node.js-folder_resources2\Eclipse\GuessingGame\src\GuessingGame.exe" GuessingGame
Args length:	96/32768 chars
Exit code:	0
