

Version:	3.50
CmdLine:	D:\node.js-folder_resources2\Eclipse\Secret Messages.exe --l4j-debug
JNI:		No
WOW64:		Yes
Working dir:	D:\node.js-folder_resources2\Eclipse\.
Requires JDK:	No
Requires 64-Bit: No
Java min ver:	
Java max ver:	
JRE paths:	jdk-21.0.5
Check launcher:	D:\node.js-folder_resources2\Eclipse\jdk-21.0.5\bin\javaw.exe (not found)
Error msg:	This application requires a Java Runtime Environment.


Version:	3.50
CmdLine:	D:\node.js-folder_resources2\Eclipse\Secret Messages.exe --l4j-debug
JNI:		No
WOW64:		Yes
Working dir:	D:\node.js-folder_resources2\Eclipse\.
Requires JDK:	No
Requires 64-Bit: No
Java min ver:	
Java max ver:	
JRE paths:	jdk-21.0.5
Check launcher:	D:\node.js-folder_resources2\Eclipse\jdk-21.0.5\bin\javaw.exe (not found)
Error msg:	This application requires a Java Runtime Environment.
